[20:02:58] CDK Toolkit CLI version: 2.1142.0 (build a73eebf)
[20:02:58] Command line arguments: {
  _: [ 'synth' ],
  v: 1,
  verbose: 1,
  app: undefined,
  a: undefined,
  build: undefined,
  trace: undefined,
  strict: undefined,
  lookups: true,
  'ignore-errors': false,
  ignoreErrors: false,
  json: false,
  j: false,
  debug: false,
  'debug-app': false,
  debugApp: false,
  'debug-cli': false,
  debugCli: false,
  profile: undefined,
  region: undefined,
  proxy: undefined,
  'ca-bundle-path': undefined,
  caBundlePath: undefined,
  ec2creds: undefined,
  i: undefined,
  'version-reporting': undefined,
  telemetry: undefined,
  versionReporting: undefined,
  'path-metadata': undefined,
  pathMetadata: undefined,
  'asset-metadata': undefined,
  assetMetadata: undefined,
  'role-arn': undefined,
  r: undefined,
  roleArn: undefined,
  staging: true,
  output: undefined,
  o: undefined,
  notices: undefined,
  'no-color': false,
  noColor: false,
  color: undefined,
  ci: false,
  unstable: [],
  'telemetry-file': undefined,
  telemetryFile: undefined,
  yes: false,
  y: false,
  exclusively: undefined,
  e: undefined,
  validation: true,
  quiet: false,
  q: false,
  watch: undefined,
  '$0': '/home/Rune/Downloads/lockstep-recall-skill-unzipped/lockstep-recall/node_modules/.bin/cdk',
  language: undefined
}
[20:02:58] cdk.json: {
  "app": "python3 app.py",
  "watch": {
    "include": [
      "**"
    ],
    "exclude": [
      "README.md",
      "cdk*.json",
      "requirements*.txt",
      "source.bat",
      "**/__init__.py",
      "python/__pycache__",
      "tests"
    ]
  },
  "context": {
    "@aws-cdk/aws-lambda:recognizeLayerVersion": true,
    "@aws-cdk/core:checkSecretUsage": true,
    "@aws-cdk/core:target-partitions": [
      "aws",
      "aws-cn"
    ],
    "@aws-cdk-containers/ecs-service-extensions:enableDefaultLogDriver": true,
    "@aws-cdk/aws-ec2:uniqueImdsv2TemplateName": true,
    "@aws-cdk/aws-ecs:arnFormatIncludesClusterName": true,
    "@aws-cdk/aws-iam:minimizePolicies": true,
    "@aws-cdk/core:validateSnapshotRemovalPolicy": true,
    "@aws-cdk/aws-codepipeline:crossAccountKeyAliasStackSafeResourceName": true,
    "@aws-cdk/aws-s3:createDefaultLoggingPolicy": true,
    "@aws-cdk/aws-sns-subscriptions:restrictSqsDescryption": true,
    "@aws-cdk/aws-apigateway:disableCloudWatchRole": true,
    "@aws-cdk/core:enablePartitionLiterals": true,
    "@aws-cdk/aws-events:eventsTargetQueueSameAccount": true,
    "@aws-cdk/aws-iam:standardizedServicePrincipals": true,
    "@aws-cdk/aws-ecs:disableExplicitDeploymentControllerForCircuitBreaker": true,
    "@aws-cdk/aws-iam:importedRoleStackSafeDefaultPolicyName": true,
    "@aws-cdk/aws-s3:serverAccessLogsUseBucketPolicy": true,
    "@aws-cdk/aws-route53-patters:useCertificate": true,
    "@aws-cdk/customresources:installLatestAwsSdkDefault": false,
    "@aws-cdk/aws-rds:databaseProxyUniqueResourceName": true,
    "@aws-cdk/aws-codedeploy:removeAlarmsFromDeploymentGroup": true,
    "@aws-cdk/aws-apigateway:authorizerChangeDeploymentLogicalId": true,
    "@aws-cdk/aws-ec2:launchTemplateDefaultUserData": true,
    "@aws-cdk/aws-secretsmanager:useAttachedSecretResourcePolicyForSecretTargetAttachment": true,
    "@aws-cdk/aws-redshift:columnId": true,
    "@aws-cdk/aws-stepfunctions-tasks:invokeLambdaPathSerialization": true,
    "@aws-cdk/aws-ec2:restrictDefaultSecurityGroup": true,
    "@aws-cdk/aws-apigateway:requestValidatorUniqueId": true,
    "@aws-cdk/aws-kms:aliasNameRef": true,
    "@aws-cdk/aws-autoscaling:generateLaunchTemplateInsteadOfLaunchConfig": true,
    "@aws-cdk/core:includePrefixInUniqueNameGeneration": true,
    "@aws-cdk/aws-efs:denyAnonymousAccess": true,
    "@aws-cdk/aws-opensearchservice:enableOpensearchMultiAzWithStandby": true,
    "@aws-cdk/aws-lambda-nodejs:useLatestRuntimeVersion": true,
    "@aws-cdk/aws-efs:mountTargetOrderInsensitiveLogicalId": true,
    "@aws-cdk/aws-rds:auroraClusterChangeScopeOfInstanceParameterGroupWithEachParameters": true,
    "@aws-cdk/aws-appsync:useArnForSourceApiAssociationIdentifier": true,
    "@aws-cdk/aws-sns:validatateSnsTopicName": true,
    "@aws-cdk/aws-codepipeline-actions:useNewDefaultBranchForCodeCommitSource": true
  }
}
[20:02:58] merged settings: {
  versionReporting: true,
  assetMetadata: true,
  pathMetadata: true,
  output: 'cdk.out',
  app: 'python3 app.py',
  watch: {
    include: [ '**' ],
    exclude: [
      'README.md',
      'cdk*.json',
      'requirements*.txt',
      'source.bat',
      '**/__init__.py',
      'python/__pycache__',
      'tests'
    ]
  },
  context: {
    '@aws-cdk/aws-lambda:recognizeLayerVersion': true,
    '@aws-cdk/core:checkSecretUsage': true,
    '@aws-cdk/core:target-partitions': [ 'aws', 'aws-cn' ],
    '@aws-cdk-containers/ecs-service-extensions:enableDefaultLogDriver': true,
    '@aws-cdk/aws-ec2:uniqueImdsv2TemplateName': true,
    '@aws-cdk/aws-ecs:arnFormatIncludesClusterName': true,
    '@aws-cdk/aws-iam:minimizePolicies': true,
    '@aws-cdk/core:validateSnapshotRemovalPolicy': true,
    '@aws-cdk/aws-codepipeline:crossAccountKeyAliasStackSafeResourceName': true,
    '@aws-cdk/aws-s3:createDefaultLoggingPolicy': true,
    '@aws-cdk/aws-sns-subscriptions:restrictSqsDescryption': true,
    '@aws-cdk/aws-apigateway:disableCloudWatchRole': true,
    '@aws-cdk/core:enablePartitionLiterals': true,
    '@aws-cdk/aws-events:eventsTargetQueueSameAccount': true,
    '@aws-cdk/aws-iam:standardizedServicePrincipals': true,
    '@aws-cdk/aws-ecs:disableExplicitDeploymentControllerForCircuitBreaker': true,
    '@aws-cdk/aws-iam:importedRoleStackSafeDefaultPolicyName': true,
    '@aws-cdk/aws-s3:serverAccessLogsUseBucketPolicy': true,
    '@aws-cdk/aws-route53-patters:useCertificate': true,
    '@aws-cdk/customresources:installLatestAwsSdkDefault': false,
    '@aws-cdk/aws-rds:databaseProxyUniqueResourceName': true,
    '@aws-cdk/aws-codedeploy:removeAlarmsFromDeploymentGroup': true,
    '@aws-cdk/aws-apigateway:authorizerChangeDeploymentLogicalId': true,
    '@aws-cdk/aws-ec2:launchTemplateDefaultUserData': true,
    '@aws-cdk/aws-secretsmanager:useAttachedSecretResourcePolicyForSecretTargetAttachment': true,
    '@aws-cdk/aws-redshift:columnId': true,
    '@aws-cdk/aws-stepfunctions-tasks:invokeLambdaPathSerialization': true,
    '@aws-cdk/aws-ec2:restrictDefaultSecurityGroup': true,
    '@aws-cdk/aws-apigateway:requestValidatorUniqueId': true,
    '@aws-cdk/aws-kms:aliasNameRef': true,
    '@aws-cdk/aws-autoscaling:generateLaunchTemplateInsteadOfLaunchConfig': true,
    '@aws-cdk/core:includePrefixInUniqueNameGeneration': true,
    '@aws-cdk/aws-efs:denyAnonymousAccess': true,
    '@aws-cdk/aws-opensearchservice:enableOpensearchMultiAzWithStandby': true,
    '@aws-cdk/aws-lambda-nodejs:useLatestRuntimeVersion': true,
    '@aws-cdk/aws-efs:mountTargetOrderInsensitiveLogicalId': true,
    '@aws-cdk/aws-rds:auroraClusterChangeScopeOfInstanceParameterGroupWithEachParameters': true,
    '@aws-cdk/aws-appsync:useArnForSourceApiAssociationIdentifier': true,
    '@aws-cdk/aws-sns:validatateSnsTopicName': true,
    '@aws-cdk/aws-codepipeline-actions:useNewDefaultBranchForCodeCommitSource': true
  },
  debugApp: false,
  debugCli: false,
  verbose: 1,
  validation: true,
  toolkitBucket: {},
  staging: true,
  bundlingStacks: [ '**' ],
  lookups: true,
  hotswap: { ecs: {} },
  unstable: []
}
[20:02:58] Unable to determine AWS region from environment or AWS configuration (profile: "default"), defaulting to 'us-east-1'
[20:02:58] Unable to determine AWS region from environment or AWS configuration (profile: "default"), defaulting to 'us-east-1'
[20:02:58] Toolkit stack: CDKToolkit
[20:02:58] context: {
  '@aws-cdk/aws-lambda:recognizeLayerVersion': true,
  '@aws-cdk/core:checkSecretUsage': true,
  '@aws-cdk/core:target-partitions': [ 'aws', 'aws-cn' ],
  '@aws-cdk-containers/ecs-service-extensions:enableDefaultLogDriver': true,
  '@aws-cdk/aws-ec2:uniqueImdsv2TemplateName': true,
  '@aws-cdk/aws-ecs:arnFormatIncludesClusterName': true,
  '@aws-cdk/aws-iam:minimizePolicies': true,
  '@aws-cdk/core:validateSnapshotRemovalPolicy': true,
  '@aws-cdk/aws-codepipeline:crossAccountKeyAliasStackSafeResourceName': true,
  '@aws-cdk/aws-s3:createDefaultLoggingPolicy': true,
  '@aws-cdk/aws-sns-subscriptions:restrictSqsDescryption': true,
  '@aws-cdk/aws-apigateway:disableCloudWatchRole': true,
  '@aws-cdk/core:enablePartitionLiterals': true,
  '@aws-cdk/aws-events:eventsTargetQueueSameAccount': true,
  '@aws-cdk/aws-iam:standardizedServicePrincipals': true,
  '@aws-cdk/aws-ecs:disableExplicitDeploymentControllerForCircuitBreaker': true,
  '@aws-cdk/aws-iam:importedRoleStackSafeDefaultPolicyName': true,
  '@aws-cdk/aws-s3:serverAccessLogsUseBucketPolicy': true,
  '@aws-cdk/aws-route53-patters:useCertificate': true,
  '@aws-cdk/customresources:installLatestAwsSdkDefault': false,
  '@aws-cdk/aws-rds:databaseProxyUniqueResourceName': true,
  '@aws-cdk/aws-codedeploy:removeAlarmsFromDeploymentGroup': true,
  '@aws-cdk/aws-apigateway:authorizerChangeDeploymentLogicalId': true,
  '@aws-cdk/aws-ec2:launchTemplateDefaultUserData': true,
  '@aws-cdk/aws-secretsmanager:useAttachedSecretResourcePolicyForSecretTargetAttachment': true,
  '@aws-cdk/aws-redshift:columnId': true,
  '@aws-cdk/aws-stepfunctions-tasks:invokeLambdaPathSerialization': true,
  '@aws-cdk/aws-ec2:restrictDefaultSecurityGroup': true,
  '@aws-cdk/aws-apigateway:requestValidatorUniqueId': true,
  '@aws-cdk/aws-kms:aliasNameRef': true,
  '@aws-cdk/aws-autoscaling:generateLaunchTemplateInsteadOfLaunchConfig': true,
  '@aws-cdk/core:includePrefixInUniqueNameGeneration': true,
  '@aws-cdk/aws-efs:denyAnonymousAccess': true,
  '@aws-cdk/aws-opensearchservice:enableOpensearchMultiAzWithStandby': true,
  '@aws-cdk/aws-lambda-nodejs:useLatestRuntimeVersion': true,
  '@aws-cdk/aws-efs:mountTargetOrderInsensitiveLogicalId': true,
  '@aws-cdk/aws-rds:auroraClusterChangeScopeOfInstanceParameterGroupWithEachParameters': true,
  '@aws-cdk/aws-appsync:useArnForSourceApiAssociationIdentifier': true,
  '@aws-cdk/aws-sns:validatateSnsTopicName': true,
  '@aws-cdk/aws-codepipeline-actions:useNewDefaultBranchForCodeCommitSource': true,
  'aws:cdk:enable-path-metadata': true,
  'aws:cdk:enable-asset-metadata': true,
  'aws:cdk:version-reporting': true,
  'aws:cdk:bundling-stacks': [ '**' ],
  '@aws-cdk/core:failSynthOnValidationErrors': false
}
[20:02:58] Setting "CDK_DEFAULT_REGION" environment variable to us-east-1
[20:02:58] Reading cached notices from /home/Rune/.cdk/cache/notices.json
[20:02:58] Unable to determine the default AWS account (CredentialsProviderError): Could not load credentials from any providers
[20:02:58] Not a file: 'python3 app.py'. Using 'python3 app.py as command-line
[20:02:58] outdir: cdk.out
[20:02:58] env: {
  CDK_DEFAULT_REGION: 'us-east-1',
  CDK_OUTDIR: 'cdk.out',
  CDK_CLI_ASM_VERSION: '54.0.0',
  CDK_CLI_VERSION: '2.1142.0',
  CDK_ERROR_FILE: 'cdk.out/error.txt',
  CDK_PERF_COUNTERS_FILE: 'cdk.out/performance-counters.json'
}
